// Jest Snapshot v1, https://goo.gl/fbAQLP

exports[`complex prop should render 1`] = `
<my-complex-prop>
  <mock:shadow-root>
    <div class="nice">
      <div class="item">
        <span>
          aaa
        </span>
      </div>
      <div class="item">
        <span>
          bbb
        </span>
      </div>
      <div class="item">
        <span>
          ccc
        </span>
      </div>
    </div>
  </mock:shadow-root>
</my-complex-prop>
`;

exports[`complex prop should render with data 1`] = `
<my-complex-prop>
  <mock:shadow-root>
    <div class="nice">
      <div class="item">
        <span>
          AAA
        </span>
      </div>
      <div class="item">
        <span>
          BBB
        </span>
      </div>
      <div class="item">
        <span>
          CCC
        </span>
      </div>
    </div>
  </mock:shadow-root>
</my-complex-prop>
`;
