// Jest Snapshot v1, https://goo.gl/fbAQLP

exports[`Should render 1`] = `
HostElement {
  "childNodes": Array [],
  "namespaceURI": "http://www.w3.org/1999/xhtml",
  "nodeName": "MY-COMPONENT",
  "nodeType": 1,
  "nodeValue": null,
  "ownerDocument": MockDocument {
    "childNodes": Array [
      MockDocumentTypeNode {
        "childNodes": Array [],
        "namespaceURI": null,
        "nodeName": "!DOCTYPE",
        "nodeType": 10,
        "nodeValue": null,
        "ownerDocument": [Circular],
        "parentNode": [Circular],
      },
      MockElement {
        "childNodes": Array [
          MockElement {
            "childNodes": Array [
              MockElement {
                "childNodes": Array [
                  MockTextNode {
                    "childNodes": Array [],
                    "nodeName": "#text",
                    "nodeType": 3,
                    "nodeValue": "my-component{visibility:hidden}.hydrated{visibility:inherit}",
                    "ownerDocument": [Circular],
                    "parentNode": [Circular],
                  },
                ],
                "namespaceURI": null,
                "nodeName": "STYLE",
                "nodeType": 1,
                "nodeValue": null,
                "ownerDocument": [Circular],
                "parentNode": [Circular],
              },
            ],
            "namespaceURI": null,
            "nodeName": "HEAD",
            "nodeType": 1,
            "nodeValue": null,
            "ownerDocument": [Circular],
            "parentNode": [Circular],
          },
          MockElement {
            "childNodes": Array [
              [Circular],
            ],
            "namespaceURI": null,
            "nodeName": "BODY",
            "nodeType": 1,
            "nodeValue": null,
            "ownerDocument": [Circular],
            "parentNode": [Circular],
          },
        ],
        "namespaceURI": null,
        "nodeName": "HTML",
        "nodeType": 1,
        "nodeValue": null,
        "ownerDocument": [Circular],
        "parentNode": [Circular],
      },
    ],
    "cookie": "",
    "defaultView": [MockWindow],
    "nodeName": "#document",
    "nodeType": 9,
    "nodeValue": null,
    "ownerDocument": null,
    "parentNode": null,
    "referrer": "",
  },
  "parentNode": MockElement {
    "childNodes": Array [
      [Circular],
    ],
    "namespaceURI": null,
    "nodeName": "BODY",
    "nodeType": 1,
    "nodeValue": null,
    "ownerDocument": MockDocument {
      "childNodes": Array [
        MockDocumentTypeNode {
          "childNodes": Array [],
          "namespaceURI": null,
          "nodeName": "!DOCTYPE",
          "nodeType": 10,
          "nodeValue": null,
          "ownerDocument": [Circular],
          "parentNode": [Circular],
        },
        MockElement {
          "childNodes": Array [
            MockElement {
              "childNodes": Array [
                MockElement {
                  "childNodes": Array [
                    MockTextNode {
                      "childNodes": Array [],
                      "nodeName": "#text",
                      "nodeType": 3,
                      "nodeValue": "my-component{visibility:hidden}.hydrated{visibility:inherit}",
                      "ownerDocument": [Circular],
                      "parentNode": [Circular],
                    },
                  ],
                  "namespaceURI": null,
                  "nodeName": "STYLE",
                  "nodeType": 1,
                  "nodeValue": null,
                  "ownerDocument": [Circular],
                  "parentNode": [Circular],
                },
              ],
              "namespaceURI": null,
              "nodeName": "HEAD",
              "nodeType": 1,
              "nodeValue": null,
              "ownerDocument": [Circular],
              "parentNode": [Circular],
            },
            [Circular],
          ],
          "namespaceURI": null,
          "nodeName": "HTML",
          "nodeType": 1,
          "nodeValue": null,
          "ownerDocument": [Circular],
          "parentNode": [Circular],
        },
      ],
      "cookie": "",
      "defaultView": [MockWindow],
      "nodeName": "#document",
      "nodeType": 9,
      "nodeValue": null,
      "ownerDocument": null,
      "parentNode": null,
      "referrer": "",
    },
    "parentNode": MockElement {
      "childNodes": Array [
        MockElement {
          "childNodes": Array [
            MockElement {
              "childNodes": Array [
                MockTextNode {
                  "childNodes": Array [],
                  "nodeName": "#text",
                  "nodeType": 3,
                  "nodeValue": "my-component{visibility:hidden}.hydrated{visibility:inherit}",
                  "ownerDocument": MockDocument {
                    "childNodes": Array [
                      MockDocumentTypeNode {
                        "childNodes": Array [],
                        "namespaceURI": null,
                        "nodeName": "!DOCTYPE",
                        "nodeType": 10,
                        "nodeValue": null,
                        "ownerDocument": [Circular],
                        "parentNode": [Circular],
                      },
                      [Circular],
                    ],
                    "cookie": "",
                    "defaultView": [MockWindow],
                    "nodeName": "#document",
                    "nodeType": 9,
                    "nodeValue": null,
                    "ownerDocument": null,
                    "parentNode": null,
                    "referrer": "",
                  },
                  "parentNode": [Circular],
                },
              ],
              "namespaceURI": null,
              "nodeName": "STYLE",
              "nodeType": 1,
              "nodeValue": null,
              "ownerDocument": MockDocument {
                "childNodes": Array [
                  MockDocumentTypeNode {
                    "childNodes": Array [],
                    "namespaceURI": null,
                    "nodeName": "!DOCTYPE",
                    "nodeType": 10,
                    "nodeValue": null,
                    "ownerDocument": [Circular],
                    "parentNode": [Circular],
                  },
                  [Circular],
                ],
                "cookie": "",
                "defaultView": [MockWindow],
                "nodeName": "#document",
                "nodeType": 9,
                "nodeValue": null,
                "ownerDocument": null,
                "parentNode": null,
                "referrer": "",
              },
              "parentNode": [Circular],
            },
          ],
          "namespaceURI": null,
          "nodeName": "HEAD",
          "nodeType": 1,
          "nodeValue": null,
          "ownerDocument": MockDocument {
            "childNodes": Array [
              MockDocumentTypeNode {
                "childNodes": Array [],
                "namespaceURI": null,
                "nodeName": "!DOCTYPE",
                "nodeType": 10,
                "nodeValue": null,
                "ownerDocument": [Circular],
                "parentNode": [Circular],
              },
              [Circular],
            ],
            "cookie": "",
            "defaultView": [MockWindow],
            "nodeName": "#document",
            "nodeType": 9,
            "nodeValue": null,
            "ownerDocument": null,
            "parentNode": null,
            "referrer": "",
          },
          "parentNode": [Circular],
        },
        [Circular],
      ],
      "namespaceURI": null,
      "nodeName": "HTML",
      "nodeType": 1,
      "nodeValue": null,
      "ownerDocument": MockDocument {
        "childNodes": Array [
          MockDocumentTypeNode {
            "childNodes": Array [],
            "namespaceURI": null,
            "nodeName": "!DOCTYPE",
            "nodeType": 10,
            "nodeValue": null,
            "ownerDocument": [Circular],
            "parentNode": [Circular],
          },
          [Circular],
        ],
        "cookie": "",
        "defaultView": [MockWindow],
        "nodeName": "#document",
        "nodeType": 9,
        "nodeValue": null,
        "ownerDocument": null,
        "parentNode": null,
        "referrer": "",
      },
      "parentNode": MockDocument {
        "childNodes": Array [
          MockDocumentTypeNode {
            "childNodes": Array [],
            "namespaceURI": null,
            "nodeName": "!DOCTYPE",
            "nodeType": 10,
            "nodeValue": null,
            "ownerDocument": [Circular],
            "parentNode": [Circular],
          },
          [Circular],
        ],
        "cookie": "",
        "defaultView": [MockWindow],
        "nodeName": "#document",
        "nodeType": 9,
        "nodeValue": null,
        "ownerDocument": null,
        "parentNode": null,
        "referrer": "",
      },
    },
  },
}
`;
